
> weartome@0.1.0 start
> next start

  ▲ Next.js 14.2.16
  - Local:        http://localhost:3000

 ✓ Starting...
 ✓ Ready in 439ms
PRAGMA foreign_keys = ON
Initializing database tables...
CREATE TABLE IF NOT EXISTS adminauth (
      id INTEGER PRIMARY KEY AUTOINCREMENT,
      email TEXT UNIQUE NOT NULL,
      primaryPassword TEXT NOT NULL,
      secondaryPassword TEXT,
      failed_attempts INTEGER DEFAULT 0,
      locked_until TEXT,
      created_at DATETIME DEFAULT CURRENT_TIMESTAMP
    );
CREATE TABLE IF NOT EXISTS users (
      id INTEGER PRIMARY KEY AUTOINCREMENT,
      email TEXT UNIQUE NOT NULL,
      password TEXT NOT NULL,
      name TEXT NOT NULL,
      phone TEXT,
      role TEXT NOT NULL DEFAULT 'Customer', -- Admin, Sub-admin, Manager, Customer Care, Customer
      permissions TEXT DEFAULT '[]', -- JSON string containing overrides/permissions list
      gender TEXT, -- Onboarding Q1
      how_found TEXT, -- Onboarding Q2
      style_pref TEXT, -- Onboarding Q3
      category_pref TEXT, -- Onboarding Q4
      promotion_tier TEXT DEFAULT 'Standard', -- Standard, Loyal, Top User, VIP
      is_suspended INTEGER DEFAULT 0, -- 0 = Active, 1 = Suspended
      suspended_until TEXT, -- datetime string
      created_at DATETIME DEFAULT CURRENT_TIMESTAMP
    );
CREATE TABLE IF NOT EXISTS category (
      id INTEGER PRIMARY KEY AUTOINCREMENT,
      name TEXT UNIQUE NOT NULL,
      slug TEXT UNIQUE NOT NULL
    );
CREATE TABLE IF NOT EXISTS products (
      id INTEGER PRIMARY KEY AUTOINCREMENT,
      name TEXT NOT NULL,
      slug TEXT UNIQUE NOT NULL,
      description TEXT,
      price REAL NOT NULL,
      stock INTEGER NOT NULL DEFAULT 0,
      category_id INTEGER REFERENCES category(id) ON DELETE SET NULL,
      subcategory TEXT,
      gender_target TEXT NOT NULL DEFAULT 'unisex', -- men, women, unisex, gen-z
      sizes TEXT DEFAULT '[]', -- JSON array of sizes: ["S", "M", "L"]
      colors TEXT DEFAULT '[]', -- JSON array of colors: ["#000000", "#FFFFFF"]
      quality_grade TEXT DEFAULT 'A', -- Quality / fabric grade
      grid_position INTEGER DEFAULT NULL, -- controls manual grid placement seating
      is_trending INTEGER DEFAULT 0, -- boolean
      discount_percent REAL DEFAULT 0,
      discount_active_from TEXT, -- ISO Date string
      discount_active_to TEXT, -- ISO Date string
      display_price_strikethrough INTEGER DEFAULT 0, -- boolean
      min_images INTEGER DEFAULT 2,
      max_images INTEGER DEFAULT 10,
      created_at DATETIME DEFAULT CURRENT_TIMESTAMP
    );
CREATE TABLE IF NOT EXISTS mediafile (
      id INTEGER PRIMARY KEY AUTOINCREMENT,
      filepath TEXT NOT NULL,
      entity_type TEXT NOT NULL, -- 'product', 'blog', etc.
      entity_id INTEGER NOT NULL,
      original_filename TEXT,
      file_size INTEGER,
      is_primary INTEGER DEFAULT 0,
      created_at DATETIME DEFAULT CURRENT_TIMESTAMP
    );
CREATE TABLE IF NOT EXISTS refreshtoken (
      id INTEGER PRIMARY KEY AUTOINCREMENT,
      token TEXT UNIQUE NOT NULL,
      user_id INTEGER NOT NULL REFERENCES users(id) ON DELETE CASCADE,
      expires_at TEXT NOT NULL,
      revoked INTEGER DEFAULT 0,
      created_at DATETIME DEFAULT CURRENT_TIMESTAMP
    );
CREATE TABLE IF NOT EXISTS websitesetting (
      key TEXT PRIMARY KEY,
      value TEXT NOT NULL
    );
CREATE TABLE IF NOT EXISTS systemsetting (
      key TEXT PRIMARY KEY,
      value TEXT NOT NULL
    );
CREATE TABLE IF NOT EXISTS themepreset (
      id INTEGER PRIMARY KEY AUTOINCREMENT,
      name TEXT UNIQUE NOT NULL,
      tokens TEXT NOT NULL -- JSON string of tokens
    );
CREATE TABLE IF NOT EXISTS themecustomization (
      id INTEGER PRIMARY KEY AUTOINCREMENT,
      preset_id INTEGER REFERENCES themepreset(id),
      custom_tokens TEXT NOT NULL,
      created_at DATETIME DEFAULT CURRENT_TIMESTAMP
    );
CREATE TABLE IF NOT EXISTS cart (
      id INTEGER PRIMARY KEY AUTOINCREMENT,
      user_id INTEGER NOT NULL REFERENCES users(id) ON DELETE CASCADE,
      product_id INTEGER NOT NULL REFERENCES products(id) ON DELETE CASCADE,
      quantity INTEGER NOT NULL,
      size TEXT,
      color TEXT
    );
CREATE TABLE IF NOT EXISTS orders (
      id INTEGER PRIMARY KEY AUTOINCREMENT,
      user_id INTEGER NOT NULL REFERENCES users(id),
      total_price REAL NOT NULL,
      discount_applied REAL DEFAULT 0,
      coupon_code TEXT,
      status TEXT DEFAULT 'Pending', -- Pending, Shipped, Out for Delivery, Delivered, Cancelled, Return Requested, Return Approved
      shipping_address TEXT NOT NULL,
      payment_ref TEXT,
      payment_status TEXT DEFAULT 'Pending', -- Pending, Paid, Refunded
      created_at DATETIME DEFAULT CURRENT_TIMESTAMP
    );
CREATE TABLE IF NOT EXISTS order_items (
      id INTEGER PRIMARY KEY AUTOINCREMENT,
      order_id INTEGER NOT NULL REFERENCES orders(id) ON DELETE CASCADE,
      product_id INTEGER NOT NULL REFERENCES products(id),
      quantity INTEGER NOT NULL,
      price REAL NOT NULL,
      color TEXT,
      size TEXT
    );
CREATE TABLE IF NOT EXISTS coupons (
      id INTEGER PRIMARY KEY AUTOINCREMENT,
      code TEXT UNIQUE NOT NULL,
      type TEXT NOT NULL, -- 'private', 'public_sub' (product-scoped), 'public_pro' (site-wide)
      discount_value REAL NOT NULL, -- percentage or flat amount
      discount_type TEXT NOT NULL DEFAULT 'percent', -- 'percent' or 'flat'
      max_redemptions INTEGER DEFAULT 9999, -- Private usage cap
      redeemed_count INTEGER DEFAULT 0,
      active_from TEXT, -- date string
      active_to TEXT, -- date string
      product_id INTEGER, -- Optional product scoping
      category_id INTEGER, -- Optional category scoping
      per_account_limit INTEGER DEFAULT 1,
      is_active INTEGER DEFAULT 1,
      created_at DATETIME DEFAULT CURRENT_TIMESTAMP
    );
CREATE TABLE IF NOT EXISTS coupon_redemptions (
      id INTEGER PRIMARY KEY AUTOINCREMENT,
      coupon_id INTEGER NOT NULL REFERENCES coupons(id) ON DELETE CASCADE,
      user_id INTEGER NOT NULL REFERENCES users(id) ON DELETE CASCADE,
      order_id INTEGER REFERENCES orders(id) ON DELETE SET NULL,
      redeemed_at DATETIME DEFAULT CURRENT_TIMESTAMP
    );
CREATE TABLE IF NOT EXISTS message (
      id INTEGER PRIMARY KEY AUTOINCREMENT,
      sender_id INTEGER NOT NULL REFERENCES users(id),
      receiver_id INTEGER REFERENCES users(id), -- Null means sent to Customer Care general inbox
      content TEXT NOT NULL,
      is_read INTEGER DEFAULT 0,
      created_at DATETIME DEFAULT CURRENT_TIMESTAMP
    );
CREATE TABLE IF NOT EXISTS notification (
      id INTEGER PRIMARY KEY AUTOINCREMENT,
      user_id INTEGER NOT NULL REFERENCES users(id) ON DELETE CASCADE, -- target recipient
      title TEXT NOT NULL,
      message TEXT NOT NULL,
      is_read INTEGER DEFAULT 0,
      type TEXT, -- order_status, coupon, chat, low_stock, career
      created_at DATETIME DEFAULT CURRENT_TIMESTAMP
    );
CREATE TABLE IF NOT EXISTS career_applications (
      id INTEGER PRIMARY KEY AUTOINCREMENT,
      name TEXT NOT NULL,
      email TEXT NOT NULL,
      phone TEXT,
      role_interest TEXT NOT NULL,
      resume_link TEXT,
      cover_letter TEXT,
      status TEXT DEFAULT 'Pending', -- Pending, Reviewed, Approved, Rejected
      created_at DATETIME DEFAULT CURRENT_TIMESTAMP
    );
CREATE TABLE IF NOT EXISTS activitylog (
      id INTEGER PRIMARY KEY AUTOINCREMENT,
      user_id INTEGER REFERENCES users(id) ON DELETE SET NULL,
      action TEXT NOT NULL,
      details TEXT,
      created_at DATETIME DEFAULT CURRENT_TIMESTAMP
    );
CREATE TABLE IF NOT EXISTS blogs (
      id INTEGER PRIMARY KEY AUTOINCREMENT,
      title TEXT NOT NULL,
      slug TEXT UNIQUE NOT NULL,
      content TEXT NOT NULL,
      author_id INTEGER REFERENCES users(id) ON DELETE SET NULL,
      category TEXT NOT NULL,
      is_published INTEGER DEFAULT 0,
      created_at DATETIME DEFAULT CURRENT_TIMESTAMP
    );
Seeding baseline database records...
SELECT id FROM adminauth WHERE email = 'weartome@admin.com'
SELECT id FROM users WHERE email = 'weartome@admin.com'
SELECT id FROM category WHERE slug = 'apparel'
SELECT id FROM category WHERE slug = 'accessories'
SELECT id FROM category WHERE slug = 'trending'
SELECT id FROM category WHERE slug = 'apparel'
SELECT id FROM category WHERE slug = 'accessories'
SELECT id FROM products WHERE slug = 'silk-midnight-gown'
SELECT id FROM products WHERE slug = 'golden-hour-watch'
SELECT id FROM products WHERE slug = 'cashmere-scarf'
SELECT key FROM websitesetting WHERE key = 'site.name'
SELECT key FROM websitesetting WHERE key = 'site.tagline'
SELECT key FROM websitesetting WHERE key = 'site.primary_color'
SELECT key FROM websitesetting WHERE key = 'site.primary_font'
SELECT key FROM websitesetting WHERE key = 'site.seo_title'
SELECT key FROM systemsetting WHERE key = 'ai_enabled'
SELECT key FROM systemsetting WHERE key = 'voice_enabled'
SELECT key FROM systemsetting WHERE key = 'theme_mode'
SELECT id FROM themepreset WHERE name = 'Gucci Luxe'
SELECT id FROM themepreset WHERE name = 'Minimal Dark'
SELECT id FROM themepreset WHERE name = 'Vibrant Modern'
SELECT id FROM coupons WHERE code = 'WELCOME10'
SELECT id FROM coupons WHERE code = 'VIP500'
Database initialization and seeding completed successfully!
SELECT * FROM adminauth WHERE email = 'testcustomer@weartome.com'
SELECT * FROM users WHERE email = 'testcustomer@weartome.com'
INSERT INTO activitylog (user_id, action, details) VALUES (3.0, 'User Login', 'Successful login with role: Cust'/*+4 bytes*/)
SELECT * FROM products ORDER BY CASE WHEN grid_position IS NULL THEN 999999 ELSE grid_position END ASC, id DESC
SELECT filepath FROM mediafile WHERE entity_type = 'product' AND entity_id = 3.0 ORDER BY is_primary DESC LIMIT 2
SELECT filepath FROM mediafile WHERE entity_type = 'product' AND entity_id = 2.0 ORDER BY is_primary DESC LIMIT 2
SELECT filepath FROM mediafile WHERE entity_type = 'product' AND entity_id = 1.0 ORDER BY is_primary DESC LIMIT 2
DELETE FROM cart WHERE user_id = 3.0
SELECT stock, name FROM products WHERE id = 1.0
SELECT id, quantity FROM cart WHERE user_id = 3.0 AND product_id = 1.0 AND size = 'L' AND color = '#1F1F1F'
INSERT INTO cart (user_id, product_id, quantity, size, color) VALUES (3.0, 1.0, 1.0, 'L', '#1F1F1F')
SELECT c.id, c.product_id, c.quantity, c.size, c.color,
              p.name, p.price, p.stock, p.slug, p.discount_percent,
              p.discount_active_from, p.discount_active_to
       FROM cart c
       JOIN products p ON c.product_id = p.id
       WHERE c.user_id = 3.0
SELECT filepath FROM mediafile WHERE entity_type = 'product' AND entity_id = 1.0 AND is_primary = 1 LIMIT 1
SELECT * FROM coupons WHERE code = 'WELCOME10'
SELECT COUNT(*) as count FROM coupon_redemptions WHERE coupon_id = 1.0 AND user_id = 3.0
SELECT c.product_id, c.quantity, p.price, p.category_id
         FROM cart c
         JOIN products p ON c.product_id = p.id
         WHERE c.user_id = 3.0
SELECT * FROM adminauth WHERE email = 'testcustomer@weartome.com'
SELECT * FROM users WHERE email = 'testcustomer@weartome.com'
INSERT INTO activitylog (user_id, action, details) VALUES (3.0, 'User Login', 'Successful login with role: Cust'/*+4 bytes*/)
SELECT * FROM products ORDER BY CASE WHEN grid_position IS NULL THEN 999999 ELSE grid_position END ASC, id DESC
SELECT filepath FROM mediafile WHERE entity_type = 'product' AND entity_id = 3.0 ORDER BY is_primary DESC LIMIT 2
SELECT filepath FROM mediafile WHERE entity_type = 'product' AND entity_id = 2.0 ORDER BY is_primary DESC LIMIT 2
SELECT filepath FROM mediafile WHERE entity_type = 'product' AND entity_id = 1.0 ORDER BY is_primary DESC LIMIT 2
DELETE FROM cart WHERE user_id = 3.0
SELECT stock, name FROM products WHERE id = 1.0
SELECT id, quantity FROM cart WHERE user_id = 3.0 AND product_id = 1.0 AND size = 'L' AND color = '#1F1F1F'
INSERT INTO cart (user_id, product_id, quantity, size, color) VALUES (3.0, 1.0, 1.0, 'L', '#1F1F1F')
SELECT c.id, c.product_id, c.quantity, c.size, c.color,
              p.name, p.price, p.stock, p.slug, p.discount_percent,
              p.discount_active_from, p.discount_active_to
       FROM cart c
       JOIN products p ON c.product_id = p.id
       WHERE c.user_id = 3.0
SELECT filepath FROM mediafile WHERE entity_type = 'product' AND entity_id = 1.0 AND is_primary = 1 LIMIT 1
SELECT * FROM coupons WHERE code = 'WELCOME10'
SELECT COUNT(*) as count FROM coupon_redemptions WHERE coupon_id = 1.0 AND user_id = 3.0
SELECT c.product_id, c.quantity, p.price, p.category_id
         FROM cart c
         JOIN products p ON c.product_id = p.id
         WHERE c.user_id = 3.0
